ID   XXX; SV XXX; linear; genomic DNA; WGS; XXX; 335 BP.
XX
AC   ;
XX
AC * _IWGSC_CSS_6DL_contig_209591
XX
PR   Project:PRJEB0;
XX
DE   Micrococcus sp. 5 strain PR1 genome assembly, contig:
DE   IWGSC_CSS_6DL_contig_209591
XX
KW   WGS.
XX
OS   Micrococcus sp. 5
OC   unclassified sequences.
XX
DR   BioSample; SMEA091.
XX
FH   Key             Location/Qualifiers
FH
FT   source          1..335
FT                   /organism="Micrococcus sp. 5"
FT                   /strain="PR1"
FT                   /mol_type="genomic DNA"
FT                   /note="contig: IWGSC_CSS_6DL_contig_209591"
FT                   /submitter_seqid="IWGSC_CSS_6DL_contig_209591"
XX
FT   gene            212..335
FT                   /locus_tag="SPLC1_0001"
XX
SQ   Sequence 335 BP; 323 A; 12 C; 0 G; 0 T; 0 other;
     caaaaaaaaa aaaaaaaaaa aaaaaaaaaa aaaaaaaaaa aaaaaaaaaa aaaaaaaaac        60
     caaaaaaaaa aaaaaaaaaa aaaaaaaaaa aaaaaaaaaa aaaaaaaaaa aaaaaaaaac       120
     caaaaaaaaa aaaaaaaaaa aaaaaaaaaa aaaaaaaaaa aaaaaaaaaa aaaaaaaaac       180
     caaaaaaaaa aaaaaaaaaa aaaaaaaaaa aaaaaaaaaa aaaaaaaaaa aaaaaaaaac       240
     caaaaaaaaa aaaaaaaaaa aaaaaaaaaa aaaaaaaaaa aaaaaaaaaa aaaaaaaaac       300
     caaaaaaaaa aaaaaaaaaa aaaaaaaaaa aaaac                                  335
//
ID   XXX; SV XXX; linear; genomic DNA; WGS; XXX; 335 BP.
XX
AC   ;
XX
AC * _IWGSC_CSS_6DL_contig_209592
XX
PR   Project:PRJEB0;
XX
DE   Micrococcus sp. 5 strain PR1 genome assembly, contig:
DE   IWGSC_CSS_6DL_contig_209592
XX
KW   WGS.
XX
OS   Micrococcus sp. 5
OC   unclassified sequences.
XX
DR   BioSample; SMEA091.
XX
FH   Key             Location/Qualifiers
FH
FT   source          1..335
FT                   /organism="Micrococcus sp. 5"
FT                   /strain="PR1"
FT                   /mol_type="genomic DNA"
FT                   /note="contig: IWGSC_CSS_6DL_contig_209592"
FT                   /submitter_seqid="IWGSC_CSS_6DL_contig_209592"
XX
FT   gene            212..335
FT                   /locus_tag="SPLC1_0001"
XX
SQ   Sequence 335 BP; 0 A; 0 C; 12 G; 323 T; 0 other;
     gttttttttt tttttttttt tttttttttt tttttttttt tttttttttt tttttttttg        60
     gttttttttt tttttttttt tttttttttt tttttttttt tttttttttt tttttttttg       120
     gttttttttt tttttttttt tttttttttt tttttttttt tttttttttt tttttttttg       180
     gttttttttt tttttttttt tttttttttt tttttttttt tttttttttt tttttttttg       240
     gttttttttt tttttttttt tttttttttt tttttttttt tttttttttt tttttttttg       300
     gttttttttt tttttttttt tttttttttt ttttg                                  335
//
ID   XXX; SV XXX; linear; genomic DNA; WGS; XXX; 335 BP.
XX
AC   ;
XX
AC * _IWGSC_CSS_6DL_contig_209593
XX
PR   Project:PRJEB0;
XX
DE   Micrococcus sp. 5 strain PR1 genome assembly, contig:
DE   IWGSC_CSS_6DL_contig_209593
XX
KW   WGS.
XX
OS   Micrococcus sp. 5
OC   unclassified sequences.
XX
DR   BioSample; SMEA091.
XX
FH   Key             Location/Qualifiers
FH
FT   source          1..335
FT                   /organism="Micrococcus sp. 5"
FT                   /strain="PR1"
FT                   /mol_type="genomic DNA"
FT                   /note="contig: IWGSC_CSS_6DL_contig_209593"
FT                   /submitter_seqid="IWGSC_CSS_6DL_contig_209593"
XX
SQ   Sequence 335 BP; 12 A; 0 C; 323 G; 0 T; 0 other;
     aggggggggg gggggggggg gggggggggg gggggggggg gggggggggg ggggggggga        60
     aggggggggg gggggggggg gggggggggg gggggggggg gggggggggg ggggggggga       120
     aggggggggg gggggggggg gggggggggg gggggggggg gggggggggg ggggggggga       180
     aggggggggg gggggggggg gggggggggg gggggggggg gggggggggg ggggggggga       240
     aggggggggg gggggggggg gggggggggg gggggggggg gggggggggg ggggggggga       300
     aggggggggg gggggggggg gggggggggg gggga                                  335
//
