ID   XXX; SV XXX; linear; genomic DNA; WGS; XXX; 335 BP.
XX
FH   Key             Location/Qualifiers
FH
FT   source          1..335
FT                   /submitter_seqid="IWGSC_CSS_6DL_contig_209591"
XX
SQ   Sequence 335 BP; 323 A; 12 C; 0 G; 0 T; 0 other;
     caaaaaaaaa aaaaaaaaaa aaaaaaaaaa aaaaaaaaaa aaaaaaaaaa aaaaaaaaac        60
     caaaaaaaaa aaaaaaaaaa aaaaaaaaaa aaaaaaaaaa aaaaaaaaaa aaaaaaaaac       120
     caaaaaaaaa aaaaaaaaaa aaaaaaaaaa aaaaaaaaaa aaaaaaaaaa aaaaaaaaac       180
     caaaaaaaaa aaaaaaaaaa aaaaaaaaaa aaaaaaaaaa aaaaaaaaaa aaaaaaaaac       240
     caaaaaaaaa aaaaaaaaaa aaaaaaaaaa aaaaaaaaaa aaaaaaaaaa aaaaaaaaac       300
     caaaaaaaaa aaaaaaaaaa aaaaaaaaaa aaaac                                  335
//
ID   XXX; SV XXX; linear; genomic DNA; WGS; XXX; 335 BP.
XX
FH   Key             Location/Qualifiers
FH
FT   source          1..335
FT                   /submitter_seqid="IWGSC_CSS_6DL_contig_209592"
XX
SQ   Sequence 335 BP; 0 A; 0 C; 12 G; 323 T; 0 other;
     gttttttttt tttttttttt tttttttttt tttttttttt tttttttttt tttttttttg        60
     gttttttttt tttttttttt tttttttttt tttttttttt tttttttttt tttttttttg       120
     gttttttttt tttttttttt tttttttttt tttttttttt tttttttttt tttttttttg       180
     gttttttttt tttttttttt tttttttttt tttttttttt tttttttttt tttttttttg       240
     gttttttttt tttttttttt tttttttttt tttttttttt tttttttttt tttttttttg       300
     gttttttttt tttttttttt tttttttttt ttttg                                  335
//
ID   XXX; SV XXX; linear; genomic DNA; WGS; XXX; 335 BP.
XX
FH   Key             Location/Qualifiers
FH
FT   source          1..335
FT                   /submitter_seqid="IWGSC_CSS_6DL_contig_209593"
XX
SQ   Sequence 335 BP; 12 A; 0 C; 323 G; 0 T; 0 other;
     aggggggggg gggggggggg gggggggggg gggggggggg gggggggggg ggggggggga        60
     aggggggggg gggggggggg gggggggggg gggggggggg gggggggggg ggggggggga       120
     aggggggggg gggggggggg gggggggggg gggggggggg gggggggggg ggggggggga       180
     aggggggggg gggggggggg gggggggggg gggggggggg gggggggggg ggggggggga       240
     aggggggggg gggggggggg gggggggggg gggggggggg gggggggggg ggggggggga       300
     aggggggggg gggggggggg gggggggggg gggga                                  335
//
ID   XXX; SV 1; linear; genomic DNA; WGS; XXX; 1710 BP.
XX
FH   Key             Location/Qualifiers
FH
FT   source          1..1710
FT                   /submitter_seqid="ENTRY_NAME1"
FT   gene            212..1543
FT                   /locus_tag="SPLC1_0001"
FT   assembly_gap    1461..1490
FT                   /estimated_length=30
FT                   /gap_type="unknown"
XX
SQ   Sequence 1710 BP; 372 A; 480 C; 473 G; 355 T; 30 other;
     gggactctcc aacggctccc cgaggagctc gagaggacga ttaagtcatc ctcgagggac        60
     ctcgcccgag gagcggtgga gctcgtactg gcgagttacc aggccaggac cccgacttct       120
     ccccatggac ggcgctggac gagttccctc ccgggaccga ggacggcgcg cgcgcgcagg       180
     tccgggacgc cgccgaccac atcgtccaca gcttcgaggg ttcggcccct cagctcgcgt       240
     tctccctcaa ctccgacgag gaggacgatg acggcggagt gggcgacagt ggcgacgagg       300
     ctggcgatcc gggtgcatcg gagtgagccc ccaggccccc gccaatttta aatagtttct       360
     tctttcttct tcgaaggcct tcgggcctcc tttttgtata gattcactta atctgcaatc       420
     aaaataaaga aatttctgtg tcaattttat tttgctatgt gtatgcgatg aggatgatct       480
     gtgccgtggt ccttttgtgt cttagcttga ctaagggctc gtgcccaggt cccagtcctc       540
     aaaaggcgcg ggtcggggct agtgcctggg gagatccacg tgtcgagact ggccaggccg       600
     ggagcgtggt gaccgagggt tatgggtgac ccgattgtgg gtttttgccg attccccccc       660
     ggagttcacc acgccccggg gcacggcttg gttctgggcc ccttttggcg attttagccg       720
     acccgagccc ccgagggcaa gattgagcac gagtgaccta tttcaagtca agattcttca       780
     aaagaaaata acagcacaga tacagccttt aggaaattga aaatgctttt attgaaatac       840
     agatataaga gaaataagaa tatgcatatg tggtagcccc cggccaaccc tgcacgcccg       900
     aggggggtgc ggggttggcc cgagcccgaa acctgacacc cgatccccct taggggtaga       960
     agcgacgaag gtgttcgatg ttccacgggt taggcagctc tgtgccgtcg cccgtggcta      1020
     gccgaacgga gcccagccgg gggacgccga tcactcgata cggaccctcc cacattggtg      1080
     agagtttgct caatccagca cgcgtttgga cgcggcgtag gacgaggtcg tcgacgcaga      1140
     gtgatcgggc ccggacgtgg cgctgatggt agcgccgcag gctctgctgg tagcgcgcgg      1200
     ctcggagggc cgcgcgccgc cttcgctctt ccaagtagtc gagtgtcagg ctctggcgaa      1260
     cgctgatcct tgatacagcc tccgcagtac actggtggcc acgaggggac ctcagggttg      1320
     agctctggat gtggagaacc tgtcgcgtgc ccaaaacgat ctctgaaaat acatgcctcg      1380
     aaattgtgcc atagaataat taaaatccca tgtgaaagcc tccaaccaat taaaatgtgc      1440
     caaatttaaa agtgcaaata nnnnnnnnnn nnnnnnnnnn nnnnnnnnnn ctaaaacgcc      1500
     taaaatggcg taaacacact tttgagtgga attttgcaga gcaccaaata ataacctgag      1560
     aacgaaataa accaaacgtt aaaaacggtt ttataaaaag aaaaaccgct aaaaagtctt      1620
     ctttccaccc ccttcccttc ttgggccggc tcggcccagt cccctccctc tctctcctct      1680
     cccccgcggc ccatcggccc ttccccgcgc                                       1710
//
