ID   XXX; SV XXX; linear; genomic DNA; CON; XXX; 654 BP.
XX
AC   ;
XX
AC * _IWGSC_CSS_6DL_scaff_3330716
XX
PR   Project:PRJEB0;
XX
DT   23-OCT-2004 (Rel. 81, Created)
DT   22-APR-2013 (Rel. 116, Last updated, Version 6)
XX
DE   Micrococcus sp. 5 strain PR1 genome assembly, segment: I
XX
KW   .
XX
OS   Micrococcus sp. 5
OC   unclassified sequences.
XX
DR   BioSample; SMEA091.
XX
FH   Key             Location/Qualifiers
FH
FT   source          1..654
FT                   /organism="Micrococcus sp. 5"
FT                   /segment="I"
FT                   /strain="PR1"
FT                   /mol_type="genomic DNA"
FT                   /submitter_seqid="IWGSC_CSS_6DL_scaff_3330716"
FT   gene            212..335
FT                   /locus_tag="SPLC1_0001"
FT   assembly_gap    331..354
FT                   /estimated_length=24
FT                   /gap_type="within scaffold"
FT                   /linkage_evidence="paired-ends"
XX
CO   join(IWGSC_CSS_6DL_contig_209591.0:1..330,gap(24),
CO   IWGSC_CSS_6DL_contig_209592.0:1..300)
//
ID   XXX; SV XXX; linear; genomic DNA; CON; XXX; 430 BP.
XX
AC   ;
XX
AC * _IWGSC_CSS_6DL_scaff_3330717
XX
PR   Project:PRJEB0;
XX
DT   23-OCT-2004 (Rel. 81, Created)
DT   22-APR-2013 (Rel. 116, Last updated, Version 6)
XX
DE   Micrococcus sp. 5 strain PR1 genome assembly, scaffold:
DE   IWGSC_CSS_6DL_scaff_3330717
XX
KW   .
XX
OS   Micrococcus sp. 5
OC   unclassified sequences.
XX
DR   BioSample; SMEA091.
XX
FH   Key             Location/Qualifiers
FH
FT   source          1..430
FT                   /organism="Micrococcus sp. 5"
FT                   /strain="PR1"
FT                   /mol_type="genomic DNA"
FT                   /submitter_seqid="IWGSC_CSS_6DL_scaff_3330717"
FT   gene            212..430
FT                   /locus_tag="SPLC1_0001"
XX
CO   join(complement(IWGSC_CSS_6DL_contig_209593.0:1..330),
CO   complement(IWGSC_CSS_6DL_contig_209594.0:1..100))
//