ID   XXX; SV XXX; linear; genomic DNA; CON; PRO; 654 BP.
XX
AC   ;
XX
AC * _IWGSC_CSS_6DL_scaff_3330716
XX
PR   Project:PRJEB0;
XX
DE   Micrococcus sp. 5 strain PR1 genome assembly, scaffold:
DE   IWGSC_CSS_6DL_scaff_3330716
XX
KW   .
XX
OS   Micrococcus sp. 5
OC   unclassified sequences.
XX
DR   BioSample; SMEA091.
XX
FH   Key             Location/Qualifiers
FH
FT   source          1..654
FT                   /organism="Micrococcus sp. 5"
FT                   /strain="PR1"
FT                   /mol_type="genomic DNA"
FT                   /submitter_seqid="IWGSC_CSS_6DL_scaff_3330716"
FT   assembly_gap    331..354
FT                   /estimated_length=24
FT                   /gap_type="within scaffold"
FT                   /linkage_evidence="paired-ends"
XX
CO   join(ENTRY_NAME1.0:1..330,gap(24),ENTRY_NAME2.0:1..300)
//
